banking77 intent routing — real-data training (default config)
step   300  loss 4.1935
step   600  loss 4.2105
step   900  loss 4.2230
step  1200  loss 4.2125
step  1500  loss 4.1137
step  1800  loss 4.0678
step  2100  loss 4.1587
step  2400  loss 4.0129
step  2700  loss 4.1460
step  3000  loss 4.0433
step  3300  loss 4.0985
step  3600  loss 4.1068
step  3900  loss 4.0620
step  4200  loss 4.0718
step  4500  loss 4.0502
step  4800  loss 4.0554
step  5100  loss 4.0365
step  5400  loss 3.9607
step  5700  loss 4.0636
step  6000  loss 3.8936
step  6300  loss 4.1201
step  6600  loss 4.0287
step  6900  loss 3.9535
step  7200  loss 4.0581
step  7500  loss 4.0508
step  7800  loss 4.0712
step  8100  loss 4.0242
step  8400  loss 3.9985
step  8700  loss 3.9976
step  9000  loss 4.0730
step  9300  loss 3.9578
step  9600  loss 4.0675
step  9900  loss 3.9839
step 10200  loss 4.0012
step 10500  loss 3.9369
step 10800  loss 4.0294
step 11100  loss 4.0102
step 11400  loss 4.1231
step 11700  loss 4.1091
step 12000  loss 3.9764
step 12300  loss 4.0020
step 12600  loss 3.9764
step 12900  loss 3.9935
step 13200  loss 3.9800
step 13500  loss 4.0174
step 13800  loss 4.0791
step 14100  loss 3.9875
step 14400  loss 3.9936
step 14700  loss 3.9610
step 15000  loss 3.9610
step 15300  loss 4.1135
step 15600  loss 3.9611
step 15900  loss 4.0095
step 16200  loss 3.9953
step 16500  loss 4.0331
step 16800  loss 4.0336
step 17100  loss 3.9827
step 17400  loss 4.0056
step 17700  loss 3.9721
step 18000  loss 4.0013
step 18300  loss 3.9265
step 18600  loss 3.9385
step 18900  loss 3.8998
step 19200  loss 3.9942
step 19500  loss 3.9897
step 19800  loss 3.9717

=== banking77 (77-way, chance 1.3%) ===
params 4.53M  n_test 3080  acc 0.3789  ece 0.491
