banking77 intent routing — real-data training (default config)
step   300  loss 4.2219
step   600  loss 4.2225
step   900  loss 4.1844
step  1200  loss 4.1946
step  1500  loss 4.0976
step  1800  loss 4.0700
step  2100  loss 4.1487
step  2400  loss 3.9769
step  2700  loss 4.1172
step  3000  loss 3.9977
step  3300  loss 4.1039
step  3600  loss 4.1153
step  3900  loss 4.0656
step  4200  loss 4.0656
step  4500  loss 4.0514
step  4800  loss 4.0430
step  5100  loss 4.0175
step  5400  loss 3.9679
step  5700  loss 4.0526
step  6000  loss 3.9318
step  6300  loss 4.1125
step  6600  loss 4.0336
step  6900  loss 3.9575
step  7200  loss 4.0303
step  7500  loss 4.0040
step  7800  loss 4.0307
step  8100  loss 4.0348
step  8400  loss 3.9824
step  8700  loss 3.9695
step  9000  loss 4.0479
step  9300  loss 3.9282
step  9600  loss 4.0757
step  9900  loss 4.0224
step 10200  loss 3.9748
step 10500  loss 3.9091
step 10800  loss 4.0370
step 11100  loss 4.0252
step 11400  loss 4.0868
step 11700  loss 4.0783
step 12000  loss 3.9928
step 12300  loss 3.9845
step 12600  loss 3.9648
step 12900  loss 4.0252
step 13200  loss 3.9568
step 13500  loss 4.0230
step 13800  loss 4.0944
step 14100  loss 3.9731
step 14400  loss 3.9925
step 14700  loss 3.9612
step 15000  loss 3.9642
step 15300  loss 4.1310
step 15600  loss 3.9230
step 15900  loss 4.0345
step 16200  loss 3.9446
step 16500  loss 4.0286
step 16800  loss 4.0335
step 17100  loss 3.9809
step 17400  loss 4.0225
step 17700  loss 4.0069
step 18000  loss 3.9847
step 18300  loss 3.9325
step 18600  loss 3.9922
step 18900  loss 3.8811
step 19200  loss 4.0042
step 19500  loss 4.0184
step 19800  loss 3.9404
step 20100  loss 4.0142
step 20400  loss 3.9081
step 20700  loss 4.0580
step 21000  loss 3.9567
step 21300  loss 3.8628
step 21600  loss 3.8441
step 21900  loss 3.9116
step 22200  loss 3.9369
step 22500  loss 3.9983
step 22800  loss 4.0401
step 23100  loss 4.0149
step 23400  loss 4.0296
step 23700  loss 3.9967
step 24000  loss 3.9259
step 24300  loss 4.0443
step 24600  loss 3.9423
step 24900  loss 3.8887
step 25200  loss 3.8985
step 25500  loss 4.0032
step 25800  loss 4.0353
step 26100  loss 4.0795
step 26400  loss 3.8859
step 26700  loss 4.0508
step 27000  loss 3.9302
step 27300  loss 3.8950
step 27600  loss 4.0257
step 27900  loss 3.9587
step 28200  loss 3.9017
step 28500  loss 4.0062
step 28800  loss 3.9072
step 29100  loss 3.9253
step 29400  loss 3.9741
step 29700  loss 4.0011
step 30000  loss 3.9939
step 30300  loss 3.8606
step 30600  loss 3.9620
step 30900  loss 3.9601
step 31200  loss 3.8480
step 31500  loss 3.9510
step 31800  loss 3.8201
step 32100  loss 3.9216
step 32400  loss 3.9575
step 32700  loss 3.9021
step 33000  loss 4.0024
step 33300  loss 3.9244
step 33600  loss 3.9197
step 33900  loss 3.9451
step 34200  loss 4.0073
step 34500  loss 3.9625
step 34800  loss 3.9891
step 35100  loss 3.8492
step 35400  loss 4.0199
step 35700  loss 4.0648
step 36000  loss 3.9978
step 36300  loss 3.9216
step 36600  loss 3.8863
step 36900  loss 3.8651
step 37200  loss 4.0561
step 37500  loss 4.0330
step 37800  loss 3.9708
step 38100  loss 3.8666
step 38400  loss 3.9131
step 38700  loss 3.9222
step 39000  loss 3.9569
step 39300  loss 4.0208
step 39600  loss 3.8303
step 39900  loss 3.9165
step 40200  loss 3.9669
step 40500  loss 3.9453
step 40800  loss 3.8620
step 41100  loss 3.8658
step 41400  loss 3.8922
step 41700  loss 3.9583
step 42000  loss 3.8534
step 42300  loss 4.1056
step 42600  loss 4.0360
step 42900  loss 3.9597
step 43200  loss 3.9039
step 43500  loss 3.8525
step 43800  loss 3.9033
step 44100  loss 3.9290
step 44400  loss 3.9647
step 44700  loss 3.9550
step 45000  loss 3.9829
step 45300  loss 3.9661
step 45600  loss 4.0064
step 45900  loss 3.9947
step 46200  loss 3.9806
step 46500  loss 3.8169
step 46800  loss 3.9570
step 47100  loss 3.8813
step 47400  loss 3.8852
step 47700  loss 3.9180
step 48000  loss 3.9630
step 48300  loss 3.9529
step 48600  loss 3.9309
step 48900  loss 3.9618
step 49200  loss 3.9725
step 49500  loss 4.0006
step 49800  loss 3.9277
step 50100  loss 3.9177
step 50400  loss 3.9454
step 50700  loss 3.9752
step 51000  loss 3.9026
step 51300  loss 3.8928
step 51600  loss 3.8965
step 51900  loss 3.9605
step 52200  loss 3.9733
step 52500  loss 3.9488
step 52800  loss 3.9155
step 53100  loss 3.9766
step 53400  loss 3.8883
step 53700  loss 3.9215
step 54000  loss 4.0071
step 54300  loss 3.9021
step 54600  loss 3.9108
step 54900  loss 3.9908
step 55200  loss 4.0323
step 55500  loss 3.8552
step 55800  loss 3.8675
step 56100  loss 3.9758
step 56400  loss 3.8870
step 56700  loss 3.9006
step 57000  loss 4.0364
step 57300  loss 3.9150
step 57600  loss 4.0555
step 57900  loss 3.9086
step 58200  loss 4.0574
step 58500  loss 3.9184
step 58800  loss 3.7823
step 59100  loss 3.9781
step 59400  loss 4.0217
step 59700  loss 3.9264
step 60000  loss 3.8506
step 60300  loss 3.9161
step 60600  loss 3.9767
step 60900  loss 3.9630
step 61200  loss 3.9054
step 61500  loss 3.9174
step 61800  loss 3.9312
step 62100  loss 4.0094
step 62400  loss 3.9439
step 62700  loss 3.9509
step 63000  loss 3.9552
step 63300  loss 3.9259
step 63600  loss 3.9279
step 63900  loss 3.9201
step 64200  loss 3.9880
step 64500  loss 4.0060
step 64800  loss 3.9467
step 65100  loss 4.0242
step 65400  loss 3.9519
step 65700  loss 4.0254
step 66000  loss 3.8148
step 66300  loss 3.8657
step 66600  loss 3.9077
step 66900  loss 3.9986
step 67200  loss 3.8541
step 67500  loss 3.8829
step 67800  loss 3.9488
step 68100  loss 3.9455
step 68400  loss 3.9050
step 68700  loss 3.8742
step 69000  loss 3.9234
step 69300  loss 4.0840
step 69600  loss 3.8556
step 69900  loss 4.0271
step 70200  loss 3.8951
step 70500  loss 3.8448
step 70800  loss 4.0135
step 71100  loss 3.9313
step 71400  loss 4.0412
step 71700  loss 3.8868
step 72000  loss 3.9296
step 72300  loss 3.9609
step 72600  loss 3.8850
step 72900  loss 3.9317
step 73200  loss 3.9766
step 73500  loss 3.8530
step 73800  loss 4.0088
step 74100  loss 3.9366
step 74400  loss 3.9211
step 74700  loss 3.9910
step 75000  loss 3.9156
step 75300  loss 4.0088
step 75600  loss 3.8904
step 75900  loss 3.9210
step 76200  loss 3.9602
step 76500  loss 3.9062
step 76800  loss 3.8981
step 77100  loss 3.9364
step 77400  loss 3.9181
step 77700  loss 3.9102
step 78000  loss 3.8564
step 78300  loss 3.9591
step 78600  loss 3.8878
step 78900  loss 3.9578
step 79200  loss 4.0224
step 79500  loss 3.7981
step 79800  loss 3.9205
step 80100  loss 3.9783
step 80400  loss 4.0322
step 80700  loss 3.9988
step 81000  loss 3.9438
step 81300  loss 3.8894
step 81600  loss 3.9443
step 81900  loss 3.9107
step 82200  loss 3.8897
step 82500  loss 3.8866
step 82800  loss 3.8372
step 83100  loss 4.0032
step 83400  loss 3.9129
step 83700  loss 3.9245
step 84000  loss 3.8732
step 84300  loss 3.8392
step 84600  loss 3.9301
step 84900  loss 3.9535
step 85200  loss 3.9315
step 85500  loss 3.9500
step 85800  loss 3.9708
step 86100  loss 3.8622
step 86400  loss 3.8435
step 86700  loss 3.8738
step 87000  loss 3.8006
step 87300  loss 3.9274
step 87600  loss 3.9068
step 87900  loss 4.0077
step 88200  loss 3.8963
step 88500  loss 3.8779
step 88800  loss 4.0599
step 89100  loss 3.9519
step 89400  loss 3.8866
step 89700  loss 3.9136
step 90000  loss 3.9139
step 90300  loss 3.7366
step 90600  loss 3.9493
step 90900  loss 3.9456
step 91200  loss 4.0080
step 91500  loss 3.8266
step 91800  loss 3.9629
step 92100  loss 3.8304
step 92400  loss 3.9002
step 92700  loss 3.8949
step 93000  loss 3.8293
step 93300  loss 3.9489
step 93600  loss 3.7858
step 93900  loss 4.0286
step 94200  loss 3.9705
step 94500  loss 3.9048
step 94800  loss 3.8586
step 95100  loss 3.8743
step 95400  loss 3.8813
step 95700  loss 3.9148
step 96000  loss 3.8749
step 96300  loss 3.8971
step 96600  loss 3.8943
step 96900  loss 3.9259
step 97200  loss 3.9490
step 97500  loss 3.9337
step 97800  loss 3.8692
step 98100  loss 3.8836
step 98400  loss 3.9705
step 98700  loss 3.9090
step 99000  loss 3.8735
step 99300  loss 3.8512
step 99600  loss 3.9445
step 99900  loss 3.9091
step 100200  loss 3.9174
step 100500  loss 4.0154
step 100800  loss 3.8603
step 101100  loss 3.9036
step 101400  loss 3.9377
step 101700  loss 3.8612
step 102000  loss 3.8560
step 102300  loss 3.9428
step 102600  loss 4.0172
step 102900  loss 3.9979
step 103200  loss 3.8987
step 103500  loss 3.8524
step 103800  loss 3.9850
step 104100  loss 3.9676
step 104400  loss 3.8789
step 104700  loss 3.9684
step 105000  loss 3.9177
step 105300  loss 3.8864
step 105600  loss 3.8393
step 105900  loss 3.8242
step 106200  loss 3.9205
step 106500  loss 3.8638
step 106800  loss 3.9677
step 107100  loss 3.9493
step 107400  loss 3.8725
step 107700  loss 3.9467
step 108000  loss 3.8578
step 108300  loss 4.0191
step 108600  loss 3.9415
step 108900  loss 3.7307
step 109200  loss 3.9390
step 109500  loss 3.9665
step 109800  loss 3.9503
step 110100  loss 3.8889
step 110400  loss 3.9748
step 110700  loss 3.8559
step 111000  loss 3.9479
step 111300  loss 3.9201
step 111600  loss 3.9681
step 111900  loss 3.9570
step 112200  loss 3.9531
step 112500  loss 3.9595
step 112800  loss 3.8633
step 113100  loss 3.9188
step 113400  loss 3.8685
step 113700  loss 3.9116
step 114000  loss 3.8637
step 114300  loss 3.9996
step 114600  loss 3.8249
step 114900  loss 3.8966
step 115200  loss 3.8737
step 115500  loss 3.9287
step 115800  loss 3.9581
step 116100  loss 3.9371
step 116400  loss 3.9481
step 116700  loss 3.9981
step 117000  loss 3.9258
step 117300  loss 3.8890
step 117600  loss 3.9572
step 117900  loss 3.9583
step 118200  loss 4.0025
step 118500  loss 3.9245
step 118800  loss 3.9211
step 119100  loss 3.8393
step 119400  loss 3.8321
step 119700  loss 3.8267
step 120000  loss 3.8449
step 120300  loss 3.9440
step 120600  loss 3.8617
step 120900  loss 4.0035
step 121200  loss 3.8172
step 121500  loss 3.8951
step 121800  loss 3.9846
step 122100  loss 4.0125
step 122400  loss 3.8941
step 122700  loss 4.0298
step 123000  loss 3.9447
step 123300  loss 3.9739
step 123600  loss 3.7842
step 123900  loss 3.8565
step 124200  loss 3.8396
step 124500  loss 3.9168
step 124800  loss 3.9337
step 125100  loss 3.9758
step 125400  loss 3.8497
step 125700  loss 3.8398
step 126000  loss 3.8403
step 126300  loss 3.9854
step 126600  loss 3.9481
step 126900  loss 3.8068
step 127200  loss 3.9011
step 127500  loss 3.8370
step 127800  loss 3.8874
step 128100  loss 3.9688
step 128400  loss 3.9638
step 128700  loss 3.9567
step 129000  loss 3.9486
step 129300  loss 3.9099
step 129600  loss 3.8935
step 129900  loss 4.0189
step 130200  loss 3.8711
step 130500  loss 3.8936
step 130800  loss 3.9041
step 131100  loss 3.9845
step 131400  loss 3.8309
step 131700  loss 3.9932
step 132000  loss 3.8697
step 132300  loss 3.9395
step 132600  loss 3.8925
step 132900  loss 3.9488
step 133200  loss 3.8175
step 133500  loss 3.9013
step 133800  loss 3.9675
step 134100  loss 3.8813
step 134400  loss 3.8792
step 134700  loss 3.9696
step 135000  loss 3.9075
step 135300  loss 3.9185
step 135600  loss 3.9521
step 135900  loss 3.8427
step 136200  loss 3.9449
step 136500  loss 3.8159
step 136800  loss 3.8818
step 137100  loss 4.0361
step 137400  loss 3.9090
step 137700  loss 3.9853
step 138000  loss 3.9565
step 138300  loss 3.9487
step 138600  loss 3.9310
step 138900  loss 3.9274
step 139200  loss 3.9614
step 139500  loss 3.7955
step 139800  loss 3.9642
step 140100  loss 3.8814
step 140400  loss 3.8983
step 140700  loss 3.9093
step 141000  loss 3.8328
step 141300  loss 3.8418
step 141600  loss 3.8897
step 141900  loss 4.0224
step 142200  loss 3.9405
step 142500  loss 3.8850
step 142800  loss 3.9182
step 143100  loss 3.9431
step 143400  loss 3.8747
step 143700  loss 3.9512
step 144000  loss 3.9641
step 144300  loss 3.8793
step 144600  loss 3.8447
step 144900  loss 3.8857
step 145200  loss 3.9644
step 145500  loss 3.9189
step 145800  loss 3.9405
step 146100  loss 3.9189
step 146400  loss 3.7579
step 146700  loss 3.9141
step 147000  loss 3.9311
step 147300  loss 3.9310
step 147600  loss 3.9519
step 147900  loss 3.9224
step 148200  loss 3.9033
step 148500  loss 4.0506
step 148800  loss 3.8986
step 149100  loss 3.8712
step 149400  loss 3.8226
step 149700  loss 3.9223
step 150000  loss 3.9641
step 150300  loss 3.9182
step 150600  loss 3.9341
step 150900  loss 4.0106
step 151200  loss 3.9398
step 151500  loss 3.8876
step 151800  loss 3.9591
step 152100  loss 3.9053
step 152400  loss 3.8405
step 152700  loss 3.9114
step 153000  loss 3.8146
step 153300  loss 3.8123
step 153600  loss 3.9727
step 153900  loss 3.8802
step 154200  loss 3.9314
step 154500  loss 3.9575
step 154800  loss 3.7981
step 155100  loss 3.9667
step 155400  loss 3.9157
step 155700  loss 3.8805
step 156000  loss 3.8657
step 156300  loss 3.9135
step 156600  loss 3.8663
step 156900  loss 3.9496
step 157200  loss 4.0191
step 157500  loss 3.9270
step 157800  loss 3.8879
step 158100  loss 3.9217
step 158400  loss 3.9509
step 158700  loss 3.9890
step 159000  loss 3.9475
step 159300  loss 4.0312
step 159600  loss 3.8532
step 159900  loss 3.9909
step 160200  loss 3.8823
step 160500  loss 3.9170
step 160800  loss 3.9358
step 161100  loss 3.9400
step 161400  loss 3.8900
step 161700  loss 3.8806
step 162000  loss 3.9018
step 162300  loss 3.7809
step 162600  loss 3.9324
step 162900  loss 3.9112
step 163200  loss 3.8815
step 163500  loss 3.9530
step 163800  loss 3.9648
step 164100  loss 3.9514
step 164400  loss 3.9183
step 164700  loss 3.7683
step 165000  loss 3.8560
step 165300  loss 3.9085
step 165600  loss 3.9187
step 165900  loss 4.0184
step 166200  loss 3.8776
step 166500  loss 3.9493
step 166800  loss 3.9601
step 167100  loss 3.7689
step 167400  loss 3.9522
step 167700  loss 3.8824
step 168000  loss 3.9496
step 168300  loss 4.0137
step 168600  loss 3.9132
step 168900  loss 3.8605
step 169200  loss 3.9749
step 169500  loss 3.9044
step 169800  loss 3.9146
step 170100  loss 3.9037
step 170400  loss 3.9426
step 170700  loss 3.8338
step 171000  loss 3.8998
step 171300  loss 3.8225
step 171600  loss 3.9772
step 171900  loss 4.0376
step 172200  loss 3.9290
step 172500  loss 3.9064
step 172800  loss 3.9217
step 173100  loss 4.0069
step 173400  loss 3.8675
step 173700  loss 3.8600
step 174000  loss 3.8787
step 174300  loss 3.9191
step 174600  loss 3.8137
step 174900  loss 3.9175
step 175200  loss 3.7485
step 175500  loss 3.8534
step 175800  loss 3.9033
step 176100  loss 3.9397
step 176400  loss 3.9067
step 176700  loss 3.9340
step 177000  loss 3.9416
step 177300  loss 3.9897
step 177600  loss 3.8882
step 177900  loss 3.8476
step 178200  loss 3.9754
step 178500  loss 3.9114
step 178800  loss 3.9293
step 179100  loss 3.9704
step 179400  loss 3.8465
step 179700  loss 3.9563
step 180000  loss 3.9675
step 180300  loss 3.9764
step 180600  loss 3.8873
step 180900  loss 3.9567
step 181200  loss 3.9395
step 181500  loss 3.8785
step 181800  loss 3.9724
step 182100  loss 3.9683
step 182400  loss 3.8367
step 182700  loss 3.9140
step 183000  loss 3.9363
step 183300  loss 3.8640
step 183600  loss 3.9773
step 183900  loss 3.9957
step 184200  loss 3.8818
step 184500  loss 3.9077
step 184800  loss 3.9259
step 185100  loss 3.9328
step 185400  loss 3.8417
step 185700  loss 3.8512
step 186000  loss 3.9707
step 186300  loss 3.9037
step 186600  loss 3.9251
step 186900  loss 3.8979
step 187200  loss 3.8711
step 187500  loss 3.9097
step 187800  loss 3.8758
step 188100  loss 3.9237
step 188400  loss 3.8553
step 188700  loss 3.8888
step 189000  loss 3.8844
step 189300  loss 3.9661
step 189600  loss 3.9310
step 189900  loss 3.8198
step 190200  loss 3.9671
step 190500  loss 3.8166
step 190800  loss 3.8576
step 191100  loss 3.8913
step 191400  loss 4.0161
step 191700  loss 3.8940
step 192000  loss 3.9942
step 192300  loss 3.8949
step 192600  loss 3.8337
step 192900  loss 3.8901
step 193200  loss 3.9617
step 193500  loss 3.9096
step 193800  loss 3.9652
step 194100  loss 3.8171
step 194400  loss 3.8914
step 194700  loss 3.9854
step 195000  loss 3.9137
step 195300  loss 4.0203
step 195600  loss 3.9474
step 195900  loss 3.9346
step 196200  loss 3.9343
step 196500  loss 3.8527
step 196800  loss 3.9775
step 197100  loss 3.9327
step 197400  loss 3.9167
step 197700  loss 3.9257
step 198000  loss 3.8740
step 198300  loss 3.8967
step 198600  loss 4.0185
step 198900  loss 3.8014
step 199200  loss 3.8786
step 199500  loss 3.8895
step 199800  loss 3.8782

=== banking77 (77-way, chance 1.3%) ===
params 4.53M  n_test 3080  acc 0.4081  ece 0.476
