banking77 intent routing — real-data training (default config)
step   300  loss 4.3118
step   600  loss 4.2329
step   900  loss 4.2707
step  1200  loss 4.2331
step  1500  loss 4.1421
step  1800  loss 4.0990
step  2100  loss 4.1677
step  2400  loss 4.0244
step  2700  loss 4.1649
step  3000  loss 4.0597
step  3300  loss 4.1239
step  3600  loss 4.1122
step  3900  loss 4.0694
step  4200  loss 4.0758
step  4500  loss 4.0898
step  4800  loss 4.0586
step  5100  loss 4.0546
step  5400  loss 3.9648
step  5700  loss 4.0960
step  6000  loss 3.9152
step  6300  loss 4.1317
step  6600  loss 4.0615
step  6900  loss 3.9761
step  7200  loss 4.0713
step  7500  loss 4.0976
step  7800  loss 4.0925
step  8100  loss 4.0166
step  8400  loss 4.0127
step  8700  loss 4.0206
step  9000  loss 4.0821
step  9300  loss 3.9856
step  9600  loss 4.0695
step  9900  loss 4.0443
step 10200  loss 4.0447
step 10500  loss 3.9565
step 10800  loss 4.0476
step 11100  loss 4.0296
step 11400  loss 4.1360
step 11700  loss 4.0960
step 12000  loss 4.0674
step 12300  loss 3.9925
step 12600  loss 3.9991
step 12900  loss 4.0187
step 13200  loss 4.0333
step 13500  loss 4.0383
step 13800  loss 4.0602
step 14100  loss 4.0358
step 14400  loss 4.0509
step 14700  loss 3.9991
step 15000  loss 4.0042
step 15300  loss 4.1780
step 15600  loss 3.9947
step 15900  loss 4.0681
step 16200  loss 4.0001
step 16500  loss 4.0572
step 16800  loss 4.0675
step 17100  loss 3.9698
step 17400  loss 4.0285
step 17700  loss 4.0905
step 18000  loss 4.0387
step 18300  loss 3.9484
step 18600  loss 3.9495
step 18900  loss 3.9427
step 19200  loss 4.0357
step 19500  loss 3.9852
step 19800  loss 4.0440

=== banking77 (77-way, chance 1.3%) ===
params 4.53M  n_test 3080  acc 0.3328  ece 0.469
temperature 4.766  ece calibrated 0.161
