banking77 intent routing — real-data training (default config)
step   300  loss 4.3309
step   600  loss 4.2152
step   900  loss 4.2634
step  1200  loss 4.2627
step  1500  loss 4.1731
step  1800  loss 4.1175
step  2100  loss 4.2064
step  2400  loss 4.0290
step  2700  loss 4.1577
step  3000  loss 4.0739
step  3300  loss 4.1295
step  3600  loss 4.1128
step  3900  loss 4.0564
step  4200  loss 4.0748
step  4500  loss 4.0718
step  4800  loss 4.0942
step  5100  loss 4.0556
step  5400  loss 3.9490
step  5700  loss 4.1192
step  6000  loss 3.9194
step  6300  loss 4.1461
step  6600  loss 4.0711
step  6900  loss 3.9837
step  7200  loss 4.0901
step  7500  loss 4.0992
step  7800  loss 4.1400
step  8100  loss 4.0050
step  8400  loss 4.0352
step  8700  loss 4.0171
step  9000  loss 4.0577
step  9300  loss 3.9918
step  9600  loss 4.0763
step  9900  loss 4.0221
step 10200  loss 4.0577
step 10500  loss 3.9417
step 10800  loss 4.0309
step 11100  loss 4.0284
step 11400  loss 4.1417
step 11700  loss 4.0866
step 12000  loss 3.9979
step 12300  loss 3.9931
step 12600  loss 4.0218
step 12900  loss 4.0108
step 13200  loss 4.0255
step 13500  loss 4.0065
step 13800  loss 4.0466
step 14100  loss 4.0135
step 14400  loss 4.0658
step 14700  loss 3.9866
step 15000  loss 3.9932
step 15300  loss 4.1261
step 15600  loss 3.9767
step 15900  loss 4.0250
step 16200  loss 3.9413
step 16500  loss 4.0779
step 16800  loss 4.0684
step 17100  loss 3.9993
step 17400  loss 4.0234
step 17700  loss 4.0227
step 18000  loss 4.0028
step 18300  loss 3.9416
step 18600  loss 3.9486
step 18900  loss 3.9152
step 19200  loss 4.0286
step 19500  loss 3.9814
step 19800  loss 3.9818
step 20100  loss 4.0045
step 20400  loss 3.9250
step 20700  loss 4.0961
step 21000  loss 3.9718
step 21300  loss 3.8481
step 21600  loss 3.8215
step 21900  loss 3.9307
step 22200  loss 3.9549
step 22500  loss 3.9646
step 22800  loss 4.0457
step 23100  loss 3.9256
step 23400  loss 4.0077
step 23700  loss 4.0034
step 24000  loss 4.0010
step 24300  loss 4.0509
step 24600  loss 3.9007
step 24900  loss 3.9157
step 25200  loss 3.9499
step 25500  loss 4.0231
step 25800  loss 4.0303
step 26100  loss 4.1325
step 26400  loss 3.9067
step 26700  loss 4.0143
step 27000  loss 3.9025
step 27300  loss 3.9052
step 27600  loss 4.0581
step 27900  loss 3.9692
step 28200  loss 3.9079
step 28500  loss 4.0114
step 28800  loss 3.8557
step 29100  loss 3.9667
step 29400  loss 3.9909
step 29700  loss 3.9850
step 30000  loss 3.9933
step 30300  loss 3.8755
step 30600  loss 3.9379
step 30900  loss 3.9305
step 31200  loss 3.8874
step 31500  loss 3.9958
step 31800  loss 3.8348
step 32100  loss 3.9238
step 32400  loss 3.9494
step 32700  loss 3.9090
step 33000  loss 3.9679
step 33300  loss 3.9382
step 33600  loss 3.9524
step 33900  loss 3.9497
step 34200  loss 4.0042
step 34500  loss 3.9523
step 34800  loss 3.9478
step 35100  loss 3.8703
step 35400  loss 4.0247
step 35700  loss 4.0182
step 36000  loss 3.9604
step 36300  loss 3.8828
step 36600  loss 3.8932
step 36900  loss 3.8499
step 37200  loss 4.0026
step 37500  loss 3.9633
step 37800  loss 3.9517
step 38100  loss 3.8372
step 38400  loss 3.8817
step 38700  loss 3.9609
step 39000  loss 3.9731
step 39300  loss 3.9870
step 39600  loss 3.8374
step 39900  loss 3.9356
step 40200  loss 3.9613
step 40500  loss 4.0033
step 40800  loss 3.8694
step 41100  loss 3.7930
step 41400  loss 3.8551
step 41700  loss 3.9149
step 42000  loss 3.8417
step 42300  loss 4.0781
step 42600  loss 4.0337
step 42900  loss 3.9459
step 43200  loss 3.9334
step 43500  loss 3.8330
step 43800  loss 3.9324
step 44100  loss 3.9202
step 44400  loss 3.9006
step 44700  loss 3.9607
step 45000  loss 3.9263
step 45300  loss 3.9467
step 45600  loss 4.1542
step 45900  loss 3.9181
step 46200  loss 3.9336
step 46500  loss 3.8357
step 46800  loss 3.9434
step 47100  loss 3.9174
step 47400  loss 3.8727
step 47700  loss 3.9460
step 48000  loss 4.0154
step 48300  loss 3.9450
step 48600  loss 3.8606
step 48900  loss 3.9648
step 49200  loss 3.9282
step 49500  loss 3.9061
step 49800  loss 3.9144
step 50100  loss 3.9278
step 50400  loss 3.8914
step 50700  loss 3.9870
step 51000  loss 3.9277
step 51300  loss 3.8909
step 51600  loss 3.8620
step 51900  loss 3.9486
step 52200  loss 3.9825
step 52500  loss 3.9350
step 52800  loss 3.9107
step 53100  loss 3.9721
step 53400  loss 3.8885
step 53700  loss 3.9242
step 54000  loss 4.0344
step 54300  loss 3.8934
step 54600  loss 3.9376
step 54900  loss 3.9739
step 55200  loss 4.0153
step 55500  loss 3.8533
step 55800  loss 3.8848
step 56100  loss 3.9157
step 56400  loss 3.8801
step 56700  loss 3.8826
step 57000  loss 4.0023
step 57300  loss 3.9469
step 57600  loss 4.0244
step 57900  loss 3.9256
step 58200  loss 4.0855
step 58500  loss 3.9463
step 58800  loss 3.7716
step 59100  loss 4.0038
step 59400  loss 4.0176
step 59700  loss 3.9424
step 60000  loss 3.8325
step 60300  loss 3.9083
step 60600  loss 3.9879
step 60900  loss 3.9277
step 61200  loss 3.8746
step 61500  loss 3.9665
step 61800  loss 3.8834
step 62100  loss 3.9858
step 62400  loss 3.9046
step 62700  loss 3.9260
step 63000  loss 3.9001
step 63300  loss 3.9407
step 63600  loss 3.9243
step 63900  loss 3.9239
step 64200  loss 3.9615
step 64500  loss 3.9551
step 64800  loss 3.9002
step 65100  loss 3.9919
step 65400  loss 3.9088
step 65700  loss 4.0122
step 66000  loss 3.8085
step 66300  loss 3.8203
step 66600  loss 3.9306
step 66900  loss 3.9614
step 67200  loss 3.8310
step 67500  loss 3.9083
step 67800  loss 3.9672
step 68100  loss 3.9412
step 68400  loss 3.8862
step 68700  loss 3.8087
step 69000  loss 3.9298
step 69300  loss 4.0501
step 69600  loss 3.8667
step 69900  loss 4.0014
step 70200  loss 3.8842
step 70500  loss 3.8547
step 70800  loss 4.0449
step 71100  loss 3.9183
step 71400  loss 4.0091
step 71700  loss 3.9120
step 72000  loss 3.9184
step 72300  loss 3.9268
step 72600  loss 3.8785
step 72900  loss 3.9637
step 73200  loss 3.9608
step 73500  loss 3.9032
step 73800  loss 3.9547
step 74100  loss 3.9448
step 74400  loss 3.9603
step 74700  loss 3.9919
step 75000  loss 3.9201
step 75300  loss 3.9970
step 75600  loss 3.8648
step 75900  loss 3.9430
step 76200  loss 3.9506
step 76500  loss 3.9011
step 76800  loss 3.9385
step 77100  loss 3.9297
step 77400  loss 3.9036
step 77700  loss 3.9131
step 78000  loss 3.8037
step 78300  loss 3.9697
step 78600  loss 3.8899
step 78900  loss 3.9125
step 79200  loss 4.0239
step 79500  loss 3.8395
step 79800  loss 3.9455
step 80100  loss 3.9409
step 80400  loss 3.9874
step 80700  loss 3.9705
step 81000  loss 3.9195
step 81300  loss 3.9016
step 81600  loss 3.8895
step 81900  loss 3.9335
step 82200  loss 3.9309
step 82500  loss 3.8512
step 82800  loss 3.8503
step 83100  loss 3.9869
step 83400  loss 3.8926
step 83700  loss 3.8976
step 84000  loss 3.9261
step 84300  loss 3.8241
step 84600  loss 3.9137
step 84900  loss 3.9485
step 85200  loss 3.9589
step 85500  loss 3.9898
step 85800  loss 4.0080
step 86100  loss 3.8834
step 86400  loss 3.8645
step 86700  loss 3.8931
step 87000  loss 3.8409
step 87300  loss 3.8783
step 87600  loss 3.9226
step 87900  loss 4.0535
step 88200  loss 3.8866
step 88500  loss 3.9189
step 88800  loss 4.0798
step 89100  loss 3.9242
step 89400  loss 3.8835
step 89700  loss 3.9059
step 90000  loss 3.8947
step 90300  loss 3.7701
step 90600  loss 3.9306
step 90900  loss 3.9557
step 91200  loss 3.9684
step 91500  loss 3.8605
step 91800  loss 3.9448
step 92100  loss 3.8072
step 92400  loss 3.8759
step 92700  loss 3.8886
step 93000  loss 3.8669
step 93300  loss 3.8998
step 93600  loss 3.7909
step 93900  loss 3.9964
step 94200  loss 4.0359
step 94500  loss 3.9326
step 94800  loss 3.8915
step 95100  loss 3.8820
step 95400  loss 3.8992
step 95700  loss 3.9445
step 96000  loss 3.8673
step 96300  loss 3.8476
step 96600  loss 3.9183
step 96900  loss 3.9177
step 97200  loss 3.9147
step 97500  loss 3.9494
step 97800  loss 3.8682
step 98100  loss 3.8457
step 98400  loss 4.0095
step 98700  loss 3.9319
step 99000  loss 3.9071
step 99300  loss 3.8517
step 99600  loss 3.9229
step 99900  loss 3.8945
step 100200  loss 3.9211
step 100500  loss 3.9464
step 100800  loss 3.8276
step 101100  loss 3.9205
step 101400  loss 3.9051
step 101700  loss 3.8812
step 102000  loss 3.7884
step 102300  loss 3.9106
step 102600  loss 4.0301
step 102900  loss 3.9850
step 103200  loss 3.8759
step 103500  loss 3.9117
step 103800  loss 3.8950
step 104100  loss 3.9934
step 104400  loss 3.9210
step 104700  loss 3.9522
step 105000  loss 3.9161
step 105300  loss 3.9219
step 105600  loss 3.8616
step 105900  loss 3.8813
step 106200  loss 3.9797
step 106500  loss 3.8685
step 106800  loss 3.9424
step 107100  loss 3.9717
step 107400  loss 3.8523
step 107700  loss 3.9519
step 108000  loss 3.8656
step 108300  loss 4.0495
step 108600  loss 3.9408
step 108900  loss 3.8014
step 109200  loss 3.9262
step 109500  loss 3.9504
step 109800  loss 3.9879
step 110100  loss 3.9203
step 110400  loss 3.9488
step 110700  loss 3.8544
step 111000  loss 3.9006
step 111300  loss 3.9336
step 111600  loss 3.9759
step 111900  loss 3.9345
step 112200  loss 3.9355
step 112500  loss 4.0079
step 112800  loss 3.8417
step 113100  loss 3.9061
step 113400  loss 3.8779
step 113700  loss 3.8974
step 114000  loss 3.8951
step 114300  loss 3.9822
step 114600  loss 3.8283
step 114900  loss 3.8977
step 115200  loss 3.8621
step 115500  loss 3.9151
step 115800  loss 3.9761
step 116100  loss 3.9604
step 116400  loss 3.9892
step 116700  loss 3.9907
step 117000  loss 3.9019
step 117300  loss 3.8880
step 117600  loss 3.9231
step 117900  loss 3.9709
step 118200  loss 3.9568
step 118500  loss 3.9384
step 118800  loss 3.9309
step 119100  loss 3.8575
step 119400  loss 3.8261
step 119700  loss 3.8287
step 120000  loss 3.8624
step 120300  loss 3.9845
step 120600  loss 3.8412
step 120900  loss 3.9617
step 121200  loss 3.7770
step 121500  loss 3.9201
step 121800  loss 4.0001
step 122100  loss 3.9688
step 122400  loss 3.9417
step 122700  loss 4.0351
step 123000  loss 3.9080
step 123300  loss 3.9117
step 123600  loss 3.8133
step 123900  loss 3.8462
step 124200  loss 3.8650
step 124500  loss 3.9229
step 124800  loss 3.9153
step 125100  loss 3.9752
step 125400  loss 3.8380
step 125700  loss 3.8056
step 126000  loss 3.8220
step 126300  loss 3.9887
step 126600  loss 3.9592
step 126900  loss 3.8272
step 127200  loss 3.8614
step 127500  loss 3.8819
step 127800  loss 3.8724
step 128100  loss 3.9250
step 128400  loss 3.9604
step 128700  loss 3.9458
step 129000  loss 3.9859
step 129300  loss 3.8937
step 129600  loss 3.8535
step 129900  loss 3.9272
step 130200  loss 3.8865
step 130500  loss 3.8747
step 130800  loss 3.8650
step 131100  loss 3.9486
step 131400  loss 3.8492
step 131700  loss 3.9542
step 132000  loss 3.9182
step 132300  loss 3.9414
step 132600  loss 3.9259
step 132900  loss 3.9825
step 133200  loss 3.8042
step 133500  loss 3.8892
step 133800  loss 3.9901
step 134100  loss 3.8672
step 134400  loss 3.8762
step 134700  loss 3.9498
step 135000  loss 3.8909
step 135300  loss 3.9337
step 135600  loss 3.8824
step 135900  loss 3.8590
step 136200  loss 3.9818
step 136500  loss 3.8683
step 136800  loss 3.8899
step 137100  loss 4.0391
step 137400  loss 3.8926
step 137700  loss 3.9775
step 138000  loss 3.9391
step 138300  loss 3.9230
step 138600  loss 3.9408
step 138900  loss 3.9318
step 139200  loss 3.9830
step 139500  loss 3.7832
step 139800  loss 3.9406
step 140100  loss 3.8380
step 140400  loss 3.8332
step 140700  loss 3.8998
step 141000  loss 3.8656
step 141300  loss 3.8607
step 141600  loss 3.9225
step 141900  loss 4.0131
step 142200  loss 3.9663
step 142500  loss 3.9043
step 142800  loss 3.9050
step 143100  loss 4.0079
step 143400  loss 3.8263
step 143700  loss 3.8995
step 144000  loss 3.9651
step 144300  loss 3.9318
step 144600  loss 3.9014
step 144900  loss 3.8687
step 145200  loss 3.9700
step 145500  loss 3.9546
step 145800  loss 3.9318
step 146100  loss 3.8964
step 146400  loss 3.7996
step 146700  loss 3.9058
step 147000  loss 3.9649
step 147300  loss 3.9569
step 147600  loss 3.9065
step 147900  loss 3.9765
step 148200  loss 3.9220
step 148500  loss 4.0369
step 148800  loss 3.9003
step 149100  loss 3.8654
step 149400  loss 3.8765
step 149700  loss 3.8751
step 150000  loss 3.9463
step 150300  loss 3.9273
step 150600  loss 3.9202
step 150900  loss 3.9859
step 151200  loss 3.9354
step 151500  loss 3.9033
step 151800  loss 3.8937
step 152100  loss 3.9125
step 152400  loss 3.7715
step 152700  loss 3.8610
step 153000  loss 3.8829
step 153300  loss 3.8429
step 153600  loss 3.9368
step 153900  loss 3.8983
step 154200  loss 3.9274
step 154500  loss 3.9531
step 154800  loss 3.8118
step 155100  loss 3.9721
step 155400  loss 3.8908
step 155700  loss 3.8968
step 156000  loss 3.9091
step 156300  loss 3.8948
step 156600  loss 3.8712
step 156900  loss 3.9057
step 157200  loss 3.9737
step 157500  loss 3.9800
step 157800  loss 3.9612
step 158100  loss 3.9083
step 158400  loss 3.9369
step 158700  loss 3.9543
step 159000  loss 3.9804
step 159300  loss 4.0295
step 159600  loss 3.8876
step 159900  loss 3.9734
step 160200  loss 3.8692
step 160500  loss 3.9402
step 160800  loss 3.9265
step 161100  loss 3.9682
step 161400  loss 3.9096
step 161700  loss 3.9459
step 162000  loss 3.9032
step 162300  loss 3.8291
step 162600  loss 3.9051
step 162900  loss 3.8781
step 163200  loss 3.8710
step 163500  loss 3.9289
step 163800  loss 3.9534
step 164100  loss 3.9207
step 164400  loss 3.9411
step 164700  loss 3.7926
step 165000  loss 3.8286
step 165300  loss 3.8989
step 165600  loss 3.9242
step 165900  loss 3.9891
step 166200  loss 3.9053
step 166500  loss 3.9471
step 166800  loss 3.9506
step 167100  loss 3.8169
step 167400  loss 3.9168
step 167700  loss 3.9031
step 168000  loss 3.9323
step 168300  loss 3.9663
step 168600  loss 3.9202
step 168900  loss 3.8668
step 169200  loss 3.9653
step 169500  loss 3.9467
step 169800  loss 3.8910
step 170100  loss 3.9389
step 170400  loss 3.9251
step 170700  loss 3.8332
step 171000  loss 3.9319
step 171300  loss 3.7767
step 171600  loss 3.9344
step 171900  loss 4.0037
step 172200  loss 3.8916
step 172500  loss 3.9175
step 172800  loss 3.9038
step 173100  loss 3.9753
step 173400  loss 3.8570
step 173700  loss 3.8717
step 174000  loss 3.8969
step 174300  loss 3.8780
step 174600  loss 3.7904
step 174900  loss 3.9470
step 175200  loss 3.7933
step 175500  loss 3.8480
step 175800  loss 3.8915
step 176100  loss 3.9569
step 176400  loss 4.0032
step 176700  loss 3.9139
step 177000  loss 3.9438
step 177300  loss 3.9784
step 177600  loss 3.9104
step 177900  loss 3.8368
step 178200  loss 3.9326
step 178500  loss 3.9628
step 178800  loss 3.9325
step 179100  loss 3.9661
step 179400  loss 3.8454
step 179700  loss 3.9817
step 180000  loss 3.9333
step 180300  loss 3.9016
step 180600  loss 3.8961
step 180900  loss 3.9312
step 181200  loss 3.9153
step 181500  loss 3.8922
step 181800  loss 3.9768
step 182100  loss 3.9071
step 182400  loss 3.8856
step 182700  loss 3.9314
step 183000  loss 3.9468
step 183300  loss 3.8932
step 183600  loss 3.9448
step 183900  loss 3.9534
step 184200  loss 3.9014
step 184500  loss 3.8704
step 184800  loss 3.9278
step 185100  loss 3.9092
step 185400  loss 3.8522
step 185700  loss 3.8669
step 186000  loss 3.9851
step 186300  loss 3.8360
step 186600  loss 3.9118
step 186900  loss 3.8888
step 187200  loss 3.9260
step 187500  loss 3.9196
step 187800  loss 3.8881
step 188100  loss 3.9299
step 188400  loss 3.8794
step 188700  loss 3.8907
step 189000  loss 3.8924
step 189300  loss 3.9894
step 189600  loss 3.9533
step 189900  loss 3.8122
step 190200  loss 3.9634
step 190500  loss 3.8576
step 190800  loss 3.8519
step 191100  loss 3.9127
step 191400  loss 3.9650
step 191700  loss 3.9194
step 192000  loss 4.0261
step 192300  loss 3.9170
step 192600  loss 3.8107
step 192900  loss 3.8889
step 193200  loss 3.9766
step 193500  loss 3.9046
step 193800  loss 3.9543
step 194100  loss 3.7959
step 194400  loss 3.9753
step 194700  loss 3.9601
step 195000  loss 3.9088
step 195300  loss 3.9678
step 195600  loss 3.9275
step 195900  loss 3.9300
step 196200  loss 3.9498
step 196500  loss 3.8506
step 196800  loss 3.9678
step 197100  loss 3.9152
step 197400  loss 3.9348
step 197700  loss 3.9227
step 198000  loss 3.8794
step 198300  loss 3.9320
step 198600  loss 3.9938
step 198900  loss 3.8439
step 199200  loss 3.8829
step 199500  loss 3.8393
step 199800  loss 3.9106

=== banking77 (77-way, chance 1.3%) ===
params 4.53M  n_test 3080  acc 0.4075  ece 0.456
temperature 4.411  ece calibrated 0.127
