banking77 intent routing — real-data training (default config)
step   300  loss 4.2013
step   600  loss 4.2172
step   900  loss 4.2296
step  1200  loss 4.1970
step  1500  loss 4.1268
step  1800  loss 4.0907
step  2100  loss 4.1629
step  2400  loss 4.0422
step  2700  loss 4.1530
step  3000  loss 4.0620
step  3300  loss 4.1112
step  3600  loss 4.1106
step  3900  loss 4.0734
step  4200  loss 4.0445
step  4500  loss 4.0467
step  4800  loss 4.0530
step  5100  loss 4.0538
step  5400  loss 3.9629
step  5700  loss 4.0308
step  6000  loss 3.9277
step  6300  loss 4.1407
step  6600  loss 4.0238
step  6900  loss 3.9579
step  7200  loss 4.0699
step  7500  loss 4.0407
step  7800  loss 4.3918
step  8100  loss 4.3598
step  8400  loss 4.3758
step  8700  loss 4.3758
step  9000  loss 4.3918
step  9300  loss 4.3758
step  9600  loss 4.3918
step  9900  loss 4.3758
step 10200  loss 4.3918
step 10500  loss 4.3758
step 10800  loss 4.3758
step 11100  loss 4.3918
step 11400  loss 4.3598
step 11700  loss 4.3758
step 12000  loss 4.3918
step 12300  loss 4.3918
step 12600  loss 4.3918
step 12900  loss 4.3758
step 13200  loss 4.3758
step 13500  loss 4.3598
step 13800  loss 4.3598
step 14100  loss 4.3758
step 14400  loss 4.3758
step 14700  loss 4.3918
step 15000  loss 4.3758
step 15300  loss 4.3918
step 15600  loss 4.3918
step 15900  loss 4.3758
step 16200  loss 4.3758
step 16500  loss 4.3598
step 16800  loss 4.3758
step 17100  loss 4.3918
step 17400  loss 4.3598
step 17700  loss 4.3918
step 18000  loss 4.3918
step 18300  loss 4.3918
step 18600  loss 4.3758
step 18900  loss 4.3758
step 19200  loss 4.3758
step 19500  loss 4.3598
step 19800  loss 4.3598

=== banking77 (77-way, chance 1.3%) ===
params 4.53M  n_test 3080  acc 0.0130  ece 0.000
temperature 10.762  ece calibrated 0.006
