banking77 intent routing — real-data training (default config)
step   300  loss 4.2874
step   600  loss 4.3033
step   900  loss 4.3215
step  1200  loss 4.2969
step  1500  loss 4.2157
step  1800  loss 4.1808
step  2100  loss 4.2130
step  2400  loss 4.1348
step  2700  loss 4.1866
step  3000  loss 4.2113
step  3300  loss 4.1631
step  3600  loss 4.1496
step  3900  loss 4.1164
step  4200  loss 4.1187
step  4500  loss 4.1648
step  4800  loss 4.1573
step  5100  loss 4.1123
step  5400  loss 4.0988
step  5700  loss 4.1758
step  6000  loss 3.9962
step  6300  loss 4.1728
step  6600  loss 4.1033
step  6900  loss 4.0325
step  7200  loss 4.1646
step  7500  loss 4.0964
step  7800  loss 4.1311
step  8100  loss 4.0950
step  8400  loss 4.0822
step  8700  loss 4.0343
step  9000  loss 4.1378
step  9300  loss 4.0528
step  9600  loss 4.1214
step  9900  loss 4.1056
step 10200  loss 4.0741
step 10500  loss 3.9938
step 10800  loss 4.1040
step 11100  loss 4.1090
step 11400  loss 4.1394
step 11700  loss 4.1789
step 12000  loss 4.0531
step 12300  loss 4.0407
step 12600  loss 4.0939
step 12900  loss 4.0536
step 13200  loss 4.0900
step 13500  loss 4.0727
step 13800  loss 4.1096
step 14100  loss 4.0656
step 14400  loss 4.0977
step 14700  loss 4.0568
step 15000  loss 4.0919
step 15300  loss 4.2050
step 15600  loss 4.0389
step 15900  loss 4.1281
step 16200  loss 4.0733
step 16500  loss 4.0298
step 16800  loss 4.0929
step 17100  loss 4.0312
step 17400  loss 4.0450
step 17700  loss 4.0526
step 18000  loss 4.0800
step 18300  loss 3.9813
step 18600  loss 3.9673
step 18900  loss 4.0082
step 19200  loss 4.0412
step 19500  loss 4.0414
step 19800  loss 4.0884

=== banking77 (77-way, chance 1.3%) ===
params 4.53M  n_test 3080  acc 0.3023  ece 0.485
temperature 5.035  ece calibrated 0.161
