loading /root/decision/decision_v1.pt ...
ready.
serving on 0.0.0.0:8199
[choice] 349.7ms cancel_order
[choice] 16.2ms cancel_order
[choice] 17.0ms cancel_order
[choice] 14.8ms cancel_order
[choice] 17.0ms cancel_order
[choice] 16.6ms cancel_order
[choice] 14.6ms turn_off_lights
[choice] 13.5ms turn_off_lights
[choice] 13.5ms turn_off_lights
[choice] 14.5ms turn_off_lights
[choice] 14.7ms turn_off_lights
[choice] 13.4ms turn_off_lights
[noul] 18.4ms 0.0015551806427538395
[noul] 17.9ms 0.0015246934490278363
[noul] 17.8ms 0.0015393559588119388
[noul] 19.0ms 0.0015264133689925075
[noul] 18.9ms 0.0015361272962763906
[noul] 18.8ms 0.0015371538465842605
[noul] 18.8ms 0.001434940379112959
[noul] 17.9ms 0.0015104322228580713
[noul] 18.9ms 0.0015139790484681726
[noul] 18.8ms 0.0015223955269902945
[noul] 20.0ms 0.0014612894738093019
[noul] 20.0ms 0.0014392553130164742
[choice] 14.4ms bank_transfer
[choice] 14.6ms bank_transfer
[choice] 14.7ms bank_transfer
[choice] 15.7ms medium
[choice] 15.7ms medium
[choice] 15.7ms medium
[choice] 14.7ms L
[choice] 14.2ms L
[choice] 14.6ms wednesday
[choice] 14.6ms wednesday
[choice] 14.4ms wednesday
[choice] 14.2ms bank_transfer
[choice] 15.9ms convert_currency
[choice] 16.8ms convert_currency
[choice] 16.5ms convert_currency
[choice] 15.5ms convert_currency
[choice] 15.4ms convert_currency
[choice] 16.9ms convert_currency
[choice] 16.1ms search_flights
[choice] 15.8ms search_flights
[choice] 15.1ms search_flights
[choice] 15.5ms search_flights
[choice] 14.3ms search_flights
[choice] 15.9ms search_flights
[noul] 26.2ms 0.0015189464902505279
[noul] 25.5ms 0.0015153302811086178
[noul] 22.2ms 0.0015691149746999145
[noul] 23.0ms 0.001562989898957312
[noul] 24.5ms 0.001585728139616549
[noul] 24.2ms 0.0015339106321334839
[noul] 25.3ms 0.0015667277621105313
[noul] 24.8ms 0.0015579804312437773
[noul] 27.2ms 0.001546715502627194
[noul] 24.3ms 0.0015288230497390032
[noul] 25.3ms 0.0015390041517093778
[noul] 23.5ms 0.0015317905927076936
[choice] 19.3ms refund
[choice] 19.7ms refund
[choice] 19.2ms refund
[choice] 19.2ms refund
[choice] 18.7ms refund
[choice] 20.3ms refund
[choice] 20.3ms refund
[choice] 18.6ms refund
[choice] 18.6ms refund
[choice] 18.4ms refund
[choice] 18.5ms refund
[choice] 20.1ms refund
[score] 18.0ms None
[score] 18.1ms None
[score] 19.1ms None
[score] 19.6ms None
[score] 17.4ms None
[score] 18.3ms None
[score] 18.5ms None
[score] 18.2ms None
[score] 21.0ms None
[score] 19.9ms None
[score] 19.8ms None
[score] 21.5ms None
[choice] 22.1ms unknown
[choice] 23.0ms unknown
[choice] 22.1ms unknown
[choice] 24.1ms unknown
[choice] 24.0ms unknown
[choice] 24.2ms unknown
[choice] 23.0ms unknown
[choice] 22.0ms unknown
[choice] 23.0ms unknown
[choice] 22.1ms unknown
[choice] 23.0ms unknown
[choice] 22.5ms unknown
[noul] 17.1ms 0.0014935126528143883
[noul] 16.5ms 0.0015097055584192276
[noul] 19.3ms 0.001546745072118938
[noul] 19.8ms 0.0015304361004382372
[noul] 19.3ms 0.0015273656463250518
[noul] 20.8ms 0.001457609818316996
[noul] 20.9ms 0.0015565071953460574
[noul] 20.8ms 0.0015301074599847198
[noul] 17.8ms 0.0015296641504392028
[noul] 18.1ms 0.00148243666626513
[noul] 19.2ms 0.0015176732558757067
[noul] 20.7ms 0.0015013667289167643
[choice] 20.1ms coding
[choice] 17.9ms coding
[choice] 20.5ms coding
[choice] 19.4ms coding
[choice] 21.0ms coding
[choice] 22.1ms coding
[choice] 19.5ms coding
[choice] 19.5ms coding
[choice] 19.5ms coding
[choice] 20.0ms coding
[choice] 19.6ms coding
[choice] 18.4ms coding
